<html>
<body>
<pre>
<h1>µVision Build Log</h1>
<h2>Tool Versions:</h2>
IDE-Version: µVision V5.24.2.0
Copyright (C) 2017 ARM Ltd and ARM Germany GmbH. All rights reserved.
License Information: igor Alex Paramonov, rt, LIC=----
 
Tool Versions:
Toolchain:       MDK-Lite  Version: 5.24.1
Toolchain Path:  C:\Keil_v5\ARM\ARMCC\Bin
C Compiler:      Armcc.exe V5.06 update 5 (build 528)
Assembler:       Armasm.exe V5.06 update 5 (build 528)
Linker/Locator:  ArmLink.exe V5.06 update 5 (build 528)
Library Manager: ArmAr.exe V5.06 update 5 (build 528)
Hex Converter:   FromElf.exe V5.06 update 5 (build 528)
CPU DLL:         SARMCM3.DLL V5.24.1
Dialog DLL:      DCM.DLL V1.16.0.0
Target DLL:      STLink\ST-LINKIII-KEIL_SWO.dll V3.0.1.0
Dialog DLL:      TCM.DLL V1.32.0.0
 
<h2>Project:</h2>
C:\Users\Alex Paramonov\Desktop\stm32f100_mfrc\23-STM32F429_MFRC522\project.uvprojx
Project File Date:  10/08/2018

<h2>Output:</h2>
*** Using Compiler 'V5.06 update 5 (build 528)', folder: 'C:\Keil_v5\ARM\ARMCC\Bin'
Rebuild target 'STM32F1-Discovery'
assembling startup_stm32f10x_md_vl.s...
compiling system_stm32f10x.c...
compiling core_cm3.c...
compiling misc.c...
compiling stm32f10x_gpio.c...
compiling stm32f10x_rcc.c...
compiling stm32f10x_spi.c...
compiling tm_stm32f4_gpio.c...
compiling tm_stm32f4_mfrc522.c...
TM\tm_stm32f4_spi.h(208): warning:  #1215-D: #warning directive: "SPI4 undefined. Please update library with STD drivers from ST.com"
  #warning "SPI4 undefined. Please update library with STD drivers from ST.com"
TM\tm_stm32f4_spi.h(213): warning:  #1215-D: #warning directive: "SPI5 undefined. Please update library with STD drivers from ST.com"
  #warning "SPI5 undefined. Please update library with STD drivers from ST.com"
TM\tm_stm32f4_spi.h(218): warning:  #1215-D: #warning directive: "SPI6 undefined. Please update library with STD drivers from ST.com"
  #warning "SPI6 undefined. Please update library with STD drivers from ST.com"
TM\tm_stm32f4_mfrc522.c: 3 warnings, 0 errors
compiling tm_stm32f4_spi.c...
TM\tm_stm32f4_spi.h(208): warning:  #1215-D: #warning directive: "SPI4 undefined. Please update library with STD drivers from ST.com"
  #warning "SPI4 undefined. Please update library with STD drivers from ST.com"
TM\tm_stm32f4_spi.h(213): warning:  #1215-D: #warning directive: "SPI5 undefined. Please update library with STD drivers from ST.com"
  #warning "SPI5 undefined. Please update library with STD drivers from ST.com"
TM\tm_stm32f4_spi.h(218): warning:  #1215-D: #warning directive: "SPI6 undefined. Please update library with STD drivers from ST.com"
  #warning "SPI6 undefined. Please update library with STD drivers from ST.com"
TM\tm_stm32f4_spi.c: 3 warnings, 0 errors
compiling main.c...
.\TM\tm_stm32f4_spi.h(208): warning:  #1215-D: #warning directive: "SPI4 undefined. Please update library with STD drivers from ST.com"
  #warning "SPI4 undefined. Please update library with STD drivers from ST.com"
.\TM\tm_stm32f4_spi.h(213): warning:  #1215-D: #warning directive: "SPI5 undefined. Please update library with STD drivers from ST.com"
  #warning "SPI5 undefined. Please update library with STD drivers from ST.com"
.\TM\tm_stm32f4_spi.h(218): warning:  #1215-D: #warning directive: "SPI6 undefined. Please update library with STD drivers from ST.com"
  #warning "SPI6 undefined. Please update library with STD drivers from ST.com"
User\main.c: 3 warnings, 0 errors
linking...
Program Size: Code=5636 RO-data=380 RW-data=40 ZI-data=1632  
FromELF: creating hex file...
".\output_files\project.axf" - 0 Error(s), 9 Warning(s).

<h2>Software Packages used:</h2>

Package Vendor: Keil
                http://www.keil.com/pack/Keil.STM32F1xx_DFP.2.2.0.pack
                Keil.STM32F1xx_DFP.2.2.0
                STMicroelectronics STM32F1 Series Device Support, Drivers and Examples

<h2>Collection of Component include folders:</h2>
  .\RTE\_STM32F1-Discovery
  C:\Keil_v5\ARM\PACK\Keil\STM32F1xx_DFP\2.2.0\Device\Include

<h2>Collection of Component Files used:</h2>
Build Time Elapsed:  00:00:02
</pre>
</body>
</html>
